// Vitest Snapshot v1

exports[`ActivityGoals > matches an old snapshot 1`] = `
{
  "baseElement": <body>
    <div>
      <div
        class="h-32 ml-4"
      >
        <h1
          class="text-xl mb-3"
        >
          Goals
        </h1>
        <div
          class="flex justify-between items-center mx-5"
        >
          <div
            class=""
          >
            <h2
              class="block text-lg"
            >
              Weight
            </h2>
            <p
              class="inline text-4xl font-semibold"
            >
              54
            </p>
            <p
              class="inline text-lg"
            >
              kg
            </p>
            <p
              class="block text-gray-600"
            >
              Current
            </p>
          </div>
          <p
            class="text-2xl text-center w-1/3"
          >
            →
          </p>
          <div
            class="w-1/3"
          >
            <h2
              class="block"
            >
              Lose Weight
            </h2>
            <p
              class="inline text-4xl font-semibold"
            >
              39
            </p>
            <p
              class="inline text-lg"
            >
              kg
            </p>
            <p
              class="block text-gray-600"
            >
              Goal
            </p>
          </div>
        </div>
        <div
          class="flex justify-between items-center mt-6 mx-5"
        >
          <div
            class=""
          >
            <h2
              class="block text-lg"
            >
              Body Fat
            </h2>
            <p
              class="inline text-4xl font-semibold"
            >
              22
            </p>
            <p
              class="inline text-lg"
            >
              %
            </p>
            <p
              class="block text-gray-600"
            >
              Current
            </p>
          </div>
          <p
            class="text-2xl w-1/3 text-center"
          >
            →
          </p>
          <div
            class="w-1/3"
          >
            <h2
              class="block"
            >
              Lose Fat
            </h2>
            <p
              class="inline text-4xl font-semibold"
            >
              15
            </p>
            <p
              class="inline text-lg"
            >
              %
            </p>
            <p
              class="block text-gray-600"
            >
              Goal
            </p>
          </div>
        </div>
      </div>
    </div>
  </body>,
  "container": <div>
    <div
      class="h-32 ml-4"
    >
      <h1
        class="text-xl mb-3"
      >
        Goals
      </h1>
      <div
        class="flex justify-between items-center mx-5"
      >
        <div
          class=""
        >
          <h2
            class="block text-lg"
          >
            Weight
          </h2>
          <p
            class="inline text-4xl font-semibold"
          >
            54
          </p>
          <p
            class="inline text-lg"
          >
            kg
          </p>
          <p
            class="block text-gray-600"
          >
            Current
          </p>
        </div>
        <p
          class="text-2xl text-center w-1/3"
        >
          →
        </p>
        <div
          class="w-1/3"
        >
          <h2
            class="block"
          >
            Lose Weight
          </h2>
          <p
            class="inline text-4xl font-semibold"
          >
            39
          </p>
          <p
            class="inline text-lg"
          >
            kg
          </p>
          <p
            class="block text-gray-600"
          >
            Goal
          </p>
        </div>
      </div>
      <div
        class="flex justify-between items-center mt-6 mx-5"
      >
        <div
          class=""
        >
          <h2
            class="block text-lg"
          >
            Body Fat
          </h2>
          <p
            class="inline text-4xl font-semibold"
          >
            22
          </p>
          <p
            class="inline text-lg"
          >
            %
          </p>
          <p
            class="block text-gray-600"
          >
            Current
          </p>
        </div>
        <p
          class="text-2xl w-1/3 text-center"
        >
          →
        </p>
        <div
          class="w-1/3"
        >
          <h2
            class="block"
          >
            Lose Fat
          </h2>
          <p
            class="inline text-4xl font-semibold"
          >
            15
          </p>
          <p
            class="inline text-lg"
          >
            %
          </p>
          <p
            class="block text-gray-600"
          >
            Goal
          </p>
        </div>
      </div>
    </div>
  </div>,
  "debug": [Function],
  "emitted": [Function],
  "findAllByAltText": [Function],
  "findAllByDisplayValue": [Function],
  "findAllByLabelText": [Function],
  "findAllByPlaceholderText": [Function],
  "findAllByRole": [Function],
  "findAllByTestId": [Function],
  "findAllByText": [Function],
  "findAllByTitle": [Function],
  "findByAltText": [Function],
  "findByDisplayValue": [Function],
  "findByLabelText": [Function],
  "findByPlaceholderText": [Function],
  "findByRole": [Function],
  "findByTestId": [Function],
  "findByText": [Function],
  "findByTitle": [Function],
  "getAllByAltText": [Function],
  "getAllByDisplayValue": [Function],
  "getAllByLabelText": [Function],
  "getAllByPlaceholderText": [Function],
  "getAllByRole": [Function],
  "getAllByTestId": [Function],
  "getAllByText": [Function],
  "getAllByTitle": [Function],
  "getByAltText": [Function],
  "getByDisplayValue": [Function],
  "getByLabelText": [Function],
  "getByPlaceholderText": [Function],
  "getByRole": [Function],
  "getByTestId": [Function],
  "getByText": [Function],
  "getByTitle": [Function],
  "html": [Function],
  "queryAllByAltText": [Function],
  "queryAllByDisplayValue": [Function],
  "queryAllByLabelText": [Function],
  "queryAllByPlaceholderText": [Function],
  "queryAllByRole": [Function],
  "queryAllByTestId": [Function],
  "queryAllByText": [Function],
  "queryAllByTitle": [Function],
  "queryByAltText": [Function],
  "queryByDisplayValue": [Function],
  "queryByLabelText": [Function],
  "queryByPlaceholderText": [Function],
  "queryByRole": [Function],
  "queryByTestId": [Function],
  "queryByText": [Function],
  "queryByTitle": [Function],
  "rerender": [Function],
  "unmount": [Function],
}
`;
